[0m15:14:11.210065 [debug] [MainThread]: Sending event: {'category': 'dbt', 'action': 'invocation', 'label': 'start', 'context': [<snowplow_tracker.self_describing_json.SelfDescribingJson object at 0x000001A648983D60>, <snowplow_tracker.self_describing_json.SelfDescribingJson object at 0x000001A64AAF9B80>, <snowplow_tracker.self_describing_json.SelfDescribingJson object at 0x000001A64AAF9D60>]}


============================== 15:14:11.217798 | da125291-425b-4af8-a8d1-2454ed2d446b ==============================
[0m15:14:11.217798 [info ] [MainThread]: Running with dbt=1.10.16
[0m15:14:11.218820 [debug] [MainThread]: running dbt with arguments {'fail_fast': 'False', 'debug': 'False', 'log_cache_events': 'False', 'send_anonymous_usage_stats': 'True', 'cache_selected_only': 'False', 'warn_error_options': 'WarnErrorOptionsV2(error=[], warn=[], silence=[])', 'invocation_command': 'dbt init dbt', 'log_format': 'default', 'version_check': 'True', 'empty': 'None', 'printer_width': '80', 'partial_parse': 'True', 'introspect': 'True', 'log_path': 'logs', 'warn_error': 'None', 'write_json': 'True', 'target_path': 'None', 'quiet': 'False', 'no_print': 'None', 'static_parser': 'True', 'profiles_dir': 'C:\\Users\\dutra\\.dbt', 'use_experimental_parser': 'False', 'use_colors': 'True', 'indirect_selection': 'eager'}
[0m15:14:24.225018 [debug] [MainThread]: Starter project path: C:\Users\dutra\anaconda3\lib\site-packages\dbt\include\starter_project
[0m15:14:24.258703 [info ] [MainThread]: 
Your new dbt project "dbt_project" was created!

For more information on how to configure the profiles.yml file,
please consult the dbt documentation here:

  https://docs.getdbt.com/docs/configure-your-profile

One more thing:

Need help? Don't hesitate to reach out to us via GitHub issues or on Slack:

  https://community.getdbt.com/

Happy modeling!

[0m15:14:24.259773 [info ] [MainThread]: Setting up your profile.
[0m15:15:26.404530 [info ] [MainThread]: Profile dbt_project written to C:\Users\dutra\.dbt\profiles.yml using target's sample configuration. Once updated, you'll be able to start developing with dbt.
[0m15:15:26.406775 [debug] [MainThread]: Command `dbt init` succeeded at 15:15:26.406775 after 75.34 seconds
[0m15:15:26.407773 [debug] [MainThread]: Sending event: {'category': 'dbt', 'action': 'invocation', 'label': 'end', 'context': [<snowplow_tracker.self_describing_json.SelfDescribingJson object at 0x000001A648983D60>, <snowplow_tracker.self_describing_json.SelfDescribingJson object at 0x000001A64AAF9D00>, <snowplow_tracker.self_describing_json.SelfDescribingJson object at 0x000001A64ABFE3D0>]}
[0m15:15:26.407773 [debug] [MainThread]: Flushing usage events
[0m15:15:27.067466 [debug] [MainThread]: An error was encountered while trying to flush usage events
[0m15:35:10.722618 [debug] [MainThread]: Sending event: {'category': 'dbt', 'action': 'invocation', 'label': 'start', 'context': [<snowplow_tracker.self_describing_json.SelfDescribingJson object at 0x000001F5DFB74D30>, <snowplow_tracker.self_describing_json.SelfDescribingJson object at 0x000001F5E1CEBDF0>, <snowplow_tracker.self_describing_json.SelfDescribingJson object at 0x000001F5E1CEBC10>]}


============================== 15:35:10.727028 | 5c926df9-6425-4a47-8dc1-570d37f2b224 ==============================
[0m15:35:10.727028 [info ] [MainThread]: Running with dbt=1.10.16
[0m15:35:10.730077 [debug] [MainThread]: running dbt with arguments {'debug': 'False', 'fail_fast': 'False', 'log_cache_events': 'False', 'send_anonymous_usage_stats': 'True', 'cache_selected_only': 'False', 'warn_error_options': 'WarnErrorOptionsV2(error=[], warn=[], silence=[])', 'log_format': 'default', 'invocation_command': 'dbt debug', 'version_check': 'True', 'empty': 'None', 'printer_width': '80', 'quiet': 'False', 'introspect': 'True', 'partial_parse': 'True', 'warn_error': 'None', 'write_json': 'True', 'no_print': 'None', 'log_path': 'logs', 'target_path': 'None', 'static_parser': 'True', 'profiles_dir': 'C:\\Users\\dutra\\.dbt', 'use_experimental_parser': 'False', 'use_colors': 'True', 'indirect_selection': 'eager'}
[0m15:35:10.751795 [info ] [MainThread]: dbt version: 1.10.16
[0m15:35:10.751795 [info ] [MainThread]: python version: 3.9.7
[0m15:35:10.751795 [info ] [MainThread]: python path: C:\Users\dutra\anaconda3\python.exe
[0m15:35:10.760165 [info ] [MainThread]: os info: Windows-10-10.0.26200-SP0
[0m15:35:10.893467 [info ] [MainThread]: Using profiles dir at C:\Users\dutra\.dbt
[0m15:35:10.893467 [info ] [MainThread]: Using profiles.yml file at C:\Users\dutra\.dbt\profiles.yml
[0m15:35:10.893467 [info ] [MainThread]: Using dbt_project.yml file at C:\Users\dutra\pipeline_ecommerce\dbt_project.yml
[0m15:35:10.913845 [info ] [MainThread]: adapter type: duckdb
[0m15:35:10.914902 [info ] [MainThread]: adapter version: 1.10.0
[0m15:35:10.915924 [info ] [MainThread]: Configuration:
[0m15:35:10.917221 [info ] [MainThread]:   profiles.yml file [[32mOK found and valid[0m]
[0m15:35:10.918511 [info ] [MainThread]:   dbt_project.yml file [[31mERROR not found[0m]
[0m15:35:10.920723 [info ] [MainThread]: Required dependencies:
[0m15:35:10.920723 [debug] [MainThread]: Executing "git --help"
[0m15:35:10.978829 [debug] [MainThread]: STDOUT: "b"usage: git [-v | --version] [-h | --help] [-C <path>] [-c <name>=<value>]\n           [--exec-path[=<path>]] [--html-path] [--man-path] [--info-path]\n           [-p | --paginate | -P | --no-pager] [--no-replace-objects] [--no-lazy-fetch]\n           [--no-optional-locks] [--no-advice] [--bare] [--git-dir=<path>]\n           [--work-tree=<path>] [--namespace=<name>] [--config-env=<name>=<envvar>]\n           <command> [<args>]\n\nThese are common Git commands used in various situations:\n\nstart a working area (see also: git help tutorial)\n   clone      Clone a repository into a new directory\n   init       Create an empty Git repository or reinitialize an existing one\n\nwork on the current change (see also: git help everyday)\n   add        Add file contents to the index\n   mv         Move or rename a file, a directory, or a symlink\n   restore    Restore working tree files\n   rm         Remove files from the working tree and from the index\n\nexamine the history and state (see also: git help revisions)\n   bisect     Use binary search to find the commit that introduced a bug\n   diff       Show changes between commits, commit and working tree, etc\n   grep       Print lines matching a pattern\n   log        Show commit logs\n   show       Show various types of objects\n   status     Show the working tree status\n\ngrow, mark and tweak your common history\n   backfill   Download missing objects in a partial clone\n   branch     List, create, or delete branches\n   commit     Record changes to the repository\n   merge      Join two or more development histories together\n   rebase     Reapply commits on top of another base tip\n   reset      Reset current HEAD to the specified state\n   switch     Switch branches\n   tag        Create, list, delete or verify tags\n\ncollaborate (see also: git help workflows)\n   fetch      Download objects and refs from another repository\n   pull       Fetch from and integrate with another repository or a local branch\n   push       Update remote refs along with associated objects\n\n'git help -a' and 'git help -g' list available subcommands and some\nconcept guides. See 'git help <command>' or 'git help <concept>'\nto read about a specific subcommand or concept.\nSee 'git help git' for an overview of the system.\n""
[0m15:35:10.981716 [debug] [MainThread]: STDERR: "b''"
[0m15:35:10.981716 [info ] [MainThread]:  - git [[32mOK found[0m]

[0m15:35:10.981716 [info ] [MainThread]: Connection:
[0m15:35:10.984701 [info ] [MainThread]:   database: dev
[0m15:35:10.984701 [info ] [MainThread]:   schema: main
[0m15:35:10.984701 [info ] [MainThread]:   path: dev.duckdb
[0m15:35:10.984701 [info ] [MainThread]:   config_options: None
[0m15:35:10.984701 [info ] [MainThread]:   extensions: None
[0m15:35:10.984701 [info ] [MainThread]:   settings: {}
[0m15:35:10.984701 [info ] [MainThread]:   external_root: .
[0m15:35:10.984701 [info ] [MainThread]:   use_credential_provider: None
[0m15:35:10.984701 [info ] [MainThread]:   attach: None
[0m15:35:10.984701 [info ] [MainThread]:   filesystems: None
[0m15:35:10.991872 [info ] [MainThread]:   remote: None
[0m15:35:10.991872 [info ] [MainThread]:   plugins: None
[0m15:35:10.991872 [info ] [MainThread]:   disable_transactions: False
[0m15:35:10.995296 [info ] [MainThread]: Registered adapter: duckdb=1.10.0
[0m15:35:11.309725 [debug] [MainThread]: Acquiring new duckdb connection 'debug'
[0m15:35:11.561367 [debug] [MainThread]: Using duckdb connection "debug"
[0m15:35:11.561367 [debug] [MainThread]: On debug: select 1 as id
[0m15:35:11.561367 [debug] [MainThread]: Opening a new connection, currently in state init
[0m15:35:11.624332 [debug] [MainThread]: SQL status: OK in 0.057 seconds
[0m15:35:11.624332 [debug] [MainThread]: On debug: Close
[0m15:35:11.624332 [info ] [MainThread]:   Connection test: [[32mOK connection ok[0m]

[0m15:35:11.624332 [info ] [MainThread]: [31m1 check failed:[0m
[0m15:35:11.624332 [info ] [MainThread]: Project loading failed for the following reason:
 project path <C:\Users\dutra\pipeline_ecommerce\dbt_project.yml> not found

[0m15:35:11.628838 [debug] [MainThread]: Command `dbt debug` failed at 15:35:11.628838 after 1.03 seconds
[0m15:35:11.630221 [debug] [MainThread]: Connection 'debug' was properly closed.
[0m15:35:11.630221 [debug] [MainThread]: Sending event: {'category': 'dbt', 'action': 'invocation', 'label': 'end', 'context': [<snowplow_tracker.self_describing_json.SelfDescribingJson object at 0x000001F5DFB74D30>, <snowplow_tracker.self_describing_json.SelfDescribingJson object at 0x000001F5E21DCFA0>, <snowplow_tracker.self_describing_json.SelfDescribingJson object at 0x000001F5E1EA4520>]}
[0m15:35:11.630221 [debug] [MainThread]: Flushing usage events
[0m15:35:12.244674 [debug] [MainThread]: An error was encountered while trying to flush usage events
[0m15:36:01.229766 [debug] [MainThread]: Sending event: {'category': 'dbt', 'action': 'invocation', 'label': 'start', 'context': [<snowplow_tracker.self_describing_json.SelfDescribingJson object at 0x000002B4CB284CA0>, <snowplow_tracker.self_describing_json.SelfDescribingJson object at 0x000002B4CD3FBF10>, <snowplow_tracker.self_describing_json.SelfDescribingJson object at 0x000002B4CD3FBD00>]}


============================== 15:36:01.235228 | 71eb7133-c1a3-4632-ba6b-127c44836043 ==============================
[0m15:36:01.235228 [info ] [MainThread]: Running with dbt=1.10.16
[0m15:36:01.235984 [debug] [MainThread]: running dbt with arguments {'debug': 'False', 'fail_fast': 'False', 'log_cache_events': 'False', 'send_anonymous_usage_stats': 'True', 'warn_error_options': 'WarnErrorOptionsV2(error=[], warn=[], silence=[])', 'cache_selected_only': 'False', 'no_print': 'None', 'log_format': 'default', 'version_check': 'True', 'empty': 'None', 'printer_width': '80', 'quiet': 'False', 'log_path': 'logs', 'introspect': 'True', 'warn_error': 'None', 'write_json': 'True', 'target_path': 'None', 'partial_parse': 'True', 'invocation_command': 'dbt debug', 'static_parser': 'True', 'profiles_dir': 'C:\\Users\\dutra\\.dbt', 'use_experimental_parser': 'False', 'use_colors': 'True', 'indirect_selection': 'eager'}
[0m15:36:01.262652 [info ] [MainThread]: dbt version: 1.10.16
[0m15:36:01.262652 [info ] [MainThread]: python version: 3.9.7
[0m15:36:01.264676 [info ] [MainThread]: python path: C:\Users\dutra\anaconda3\python.exe
[0m15:36:01.264676 [info ] [MainThread]: os info: Windows-10-10.0.26200-SP0
[0m15:36:01.411785 [info ] [MainThread]: Using profiles dir at C:\Users\dutra\.dbt
[0m15:36:01.413152 [info ] [MainThread]: Using profiles.yml file at C:\Users\dutra\.dbt\profiles.yml
[0m15:36:01.413839 [info ] [MainThread]: Using dbt_project.yml file at C:\Users\dutra\pipeline_ecommerce\dbt_project.yml
[0m15:36:01.418124 [info ] [MainThread]: adapter type: duckdb
[0m15:36:01.418124 [info ] [MainThread]: adapter version: 1.10.0
[0m15:36:01.419628 [info ] [MainThread]: Configuration:
[0m15:36:01.421666 [info ] [MainThread]:   profiles.yml file [[32mOK found and valid[0m]
[0m15:36:01.423060 [info ] [MainThread]:   dbt_project.yml file [[31mERROR not found[0m]
[0m15:36:01.424126 [info ] [MainThread]: Required dependencies:
[0m15:36:01.425188 [debug] [MainThread]: Executing "git --help"
[0m15:36:01.473174 [debug] [MainThread]: STDOUT: "b"usage: git [-v | --version] [-h | --help] [-C <path>] [-c <name>=<value>]\n           [--exec-path[=<path>]] [--html-path] [--man-path] [--info-path]\n           [-p | --paginate | -P | --no-pager] [--no-replace-objects] [--no-lazy-fetch]\n           [--no-optional-locks] [--no-advice] [--bare] [--git-dir=<path>]\n           [--work-tree=<path>] [--namespace=<name>] [--config-env=<name>=<envvar>]\n           <command> [<args>]\n\nThese are common Git commands used in various situations:\n\nstart a working area (see also: git help tutorial)\n   clone      Clone a repository into a new directory\n   init       Create an empty Git repository or reinitialize an existing one\n\nwork on the current change (see also: git help everyday)\n   add        Add file contents to the index\n   mv         Move or rename a file, a directory, or a symlink\n   restore    Restore working tree files\n   rm         Remove files from the working tree and from the index\n\nexamine the history and state (see also: git help revisions)\n   bisect     Use binary search to find the commit that introduced a bug\n   diff       Show changes between commits, commit and working tree, etc\n   grep       Print lines matching a pattern\n   log        Show commit logs\n   show       Show various types of objects\n   status     Show the working tree status\n\ngrow, mark and tweak your common history\n   backfill   Download missing objects in a partial clone\n   branch     List, create, or delete branches\n   commit     Record changes to the repository\n   merge      Join two or more development histories together\n   rebase     Reapply commits on top of another base tip\n   reset      Reset current HEAD to the specified state\n   switch     Switch branches\n   tag        Create, list, delete or verify tags\n\ncollaborate (see also: git help workflows)\n   fetch      Download objects and refs from another repository\n   pull       Fetch from and integrate with another repository or a local branch\n   push       Update remote refs along with associated objects\n\n'git help -a' and 'git help -g' list available subcommands and some\nconcept guides. See 'git help <command>' or 'git help <concept>'\nto read about a specific subcommand or concept.\nSee 'git help git' for an overview of the system.\n""
[0m15:36:01.473174 [debug] [MainThread]: STDERR: "b''"
[0m15:36:01.473174 [info ] [MainThread]:  - git [[32mOK found[0m]

[0m15:36:01.473174 [info ] [MainThread]: Connection:
[0m15:36:01.475875 [info ] [MainThread]:   database: dev
[0m15:36:01.475875 [info ] [MainThread]:   schema: main
[0m15:36:01.477437 [info ] [MainThread]:   path: dev.duckdb
[0m15:36:01.477437 [info ] [MainThread]:   config_options: None
[0m15:36:01.477437 [info ] [MainThread]:   extensions: None
[0m15:36:01.477437 [info ] [MainThread]:   settings: {}
[0m15:36:01.477437 [info ] [MainThread]:   external_root: .
[0m15:36:01.481079 [info ] [MainThread]:   use_credential_provider: None
[0m15:36:01.481079 [info ] [MainThread]:   attach: None
[0m15:36:01.482095 [info ] [MainThread]:   filesystems: None
[0m15:36:01.483099 [info ] [MainThread]:   remote: None
[0m15:36:01.483099 [info ] [MainThread]:   plugins: None
[0m15:36:01.483099 [info ] [MainThread]:   disable_transactions: False
[0m15:36:01.483099 [info ] [MainThread]: Registered adapter: duckdb=1.10.0
[0m15:36:01.762246 [debug] [MainThread]: Acquiring new duckdb connection 'debug'
[0m15:36:01.940402 [debug] [MainThread]: Using duckdb connection "debug"
[0m15:36:01.940402 [debug] [MainThread]: On debug: select 1 as id
[0m15:36:01.941440 [debug] [MainThread]: Opening a new connection, currently in state init
[0m15:36:01.974308 [debug] [MainThread]: SQL status: OK in 0.034 seconds
[0m15:36:01.976316 [debug] [MainThread]: On debug: Close
[0m15:36:01.976316 [info ] [MainThread]:   Connection test: [[32mOK connection ok[0m]

[0m15:36:01.976316 [info ] [MainThread]: [31m1 check failed:[0m
[0m15:36:01.979060 [info ] [MainThread]: Project loading failed for the following reason:
 project path <C:\Users\dutra\pipeline_ecommerce\dbt_project.yml> not found

[0m15:36:01.980467 [debug] [MainThread]: Command `dbt debug` failed at 15:36:01.980467 after 0.86 seconds
[0m15:36:01.980467 [debug] [MainThread]: Connection 'debug' was properly closed.
[0m15:36:01.980467 [debug] [MainThread]: Sending event: {'category': 'dbt', 'action': 'invocation', 'label': 'end', 'context': [<snowplow_tracker.self_describing_json.SelfDescribingJson object at 0x000002B4CB284CA0>, <snowplow_tracker.self_describing_json.SelfDescribingJson object at 0x000002B4CD5ACD90>, <snowplow_tracker.self_describing_json.SelfDescribingJson object at 0x000002B4CD5ACD00>]}
[0m15:36:01.980467 [debug] [MainThread]: Flushing usage events
[0m15:36:02.595555 [debug] [MainThread]: An error was encountered while trying to flush usage events
